(node:3876) [MODULE_TYPELESS_PACKAGE_JSON] Warning: Module type of file:///C:/Users/NO%20GO%20NO/AidFlow/frontend/src/lib/genlayer.ts is not specified and it doesn't parse as CommonJS.
Reparsing as ES module because module syntax was detected. This incurs a performance overhead.
To eliminate this warning, add "type": "module" to C:\Users\NO GO NO\AidFlow\frontend\package.json.
(Use `node --trace-warnings ...` to show where the warning was created)
================================================================================
 AIDFLOW COMPREHENSIVE END-TO-END FRONTEND LIFECYCLE VERIFICATION HARNESS
================================================================================
Target Contract Address: 0x5Df5315274652629aFf67FC2D78921c5096Fe3ee
GenLayer RPC Endpoint:   https://studio.genlayer.com/api
StudioNet Chain ID:      61999
Write Path:              Production frontend helper: submitGenLayerWrite()

Donor / Contributor Signer:    0xE4220c4b71877bb94EB173f467ef5c5557017085
Organization Recipient Signer: 0x52e6235729B3064C476B46867f62306167a54422 (Independent fresh wallet)
Donor Initial GEN Balance:       997779640503506922349093 wei (997779.6405 GEN)
Org Initial GEN Balance:         0 wei (0.0000 GEN)
Contract Initial Escrow Balance: 0 wei (0.0000 GEN)


################################################################################
 ### STARTING BRANCH 1: PASS & PAYOUT LIFECYCLE (STEPS 1 - 6) ###
################################################################################

================================================================================
 [STEP 1] [PASS BRANCH] CREATE_CAMPAIGN
 Function: create_campaign() | Caller: Donor Wallet (0xE4220c4b71877bb94EB173f467ef5c5557017085)
 Target Contract: 0x5Df5315274652629aFf67FC2D78921c5096Fe3ee
================================================================================
Capturing pre-transaction state...
  Pre-Contract Escrow:   0 wei (0.0000 GEN)
  Pre-Caller Balance:    997779640503506922349093 wei (997779.6405 GEN)
  Pre-Org Claimable:     0 wei (0.0000 GEN)
  Pre-Donor Claimable:   0 wei (0.0000 GEN)

Submitting create_campaign() through production frontend write helper (submitGenLayerWrite)...
  [Lifecycle State]: AWAITING_WALLET - Please approve the transaction in your wallet...
  [Lifecycle State]: WALLET_SUBMITTED - Wallet transaction submitted to StudioNet
  [Lifecycle State]: PROCESSING - Intelligent Contract execution in progress on GenLayer...
  [Tracking Update]: txId=0x81af140b60f0e6236f6f00ad64598dee308e57374dce8ecfff3c0c9a89f80982 status=PENDING
  [Lifecycle State]: CONSENSUS - Decision reached: MAJORITY_AGREE
  [Tracking Update]: txId=0x81af140b60f0e6236f6f00ad64598dee308e57374dce8ecfff3c0c9a89f80982 status=ACCEPTED
  [Tracking Update]: txId=0x81af140b60f0e6236f6f00ad64598dee308e57374dce8ecfff3c0c9a89f80982 status=FINALIZED
  [Lifecycle State]: SUCCESS - Transaction finalized and execution verified on GenLayer!

Capturing post-transaction state...
  Post-Contract Escrow:  0 wei (0.0000 GEN) [Delta: 0]
  Post-Caller Balance:   997779640503506922349093 wei (997779.6405 GEN) [Delta: 0]
  Post-Org Claimable:    0 wei (0.0000 GEN) [Delta: 0]
  Post-Donor Claimable:  0 wei (0.0000 GEN) [Delta: 0]

>>> AUTHORITATIVE GENLAYER TRANSACTION RECORD <<<
  Step:                     1 (create_campaign)
  GenLayer Transaction ID:  0x81af140b60f0e6236f6f00ad64598dee308e57374dce8ecfff3c0c9a89f80982
  waitForDecision Status:   5
  waitForDecision Result:   6
  waitForFinalization:      Completed
  Final Status:             7 (FINALIZED)
  Final Result:             6 (MAJORITY_AGREE)
  Execution Result:         undefined (FINISHED_WITH_RETURN)
  Lifecycle Outcome:        N/A
  isSuccessful():           true
  Round Validators:         ["0xBBb165E4c9d73a1493D363280f7067Cd07891dBE","0x76c25AFC12c75485703cCFfd0083AA6201455B25","0x6737ca1d6BDF8b7C4f19143E2D55581Ca64eb7C3","0xacc2459F341D7a887bcA8FAA62F1EC9378d4Bc67","0x5310dcF075E0BD47d29B8ec6581F736C767f54D2"]
  Votes Committed/Revealed: 5 / 5

>>> Campaign #2 registered on-chain with majority consensus! <<<

================================================================================
 [STEP 2] [PASS BRANCH] FUND_CAMPAIGN
 Function: fund_campaign() | Caller: Donor Wallet (0xE4220c4b71877bb94EB173f467ef5c5557017085)
 Target Contract: 0x5Df5315274652629aFf67FC2D78921c5096Fe3ee
 Payable Value:   100000000000000000 wei (0.1000 GEN)
================================================================================
Capturing pre-transaction state...
  Pre-Contract Escrow:   0 wei (0.0000 GEN)
  Pre-Caller Balance:    997779640503506922349093 wei (997779.6405 GEN)
  Pre-Org Claimable:     0 wei (0.0000 GEN)
  Pre-Donor Claimable:   0 wei (0.0000 GEN)
  Pre-Campaign Status:   ACTIVE (funded: 0, released: 0)

Submitting fund_campaign() through production frontend write helper (submitGenLayerWrite)...
  [Lifecycle State]: AWAITING_WALLET - Please approve the transaction in your wallet...
  [Lifecycle State]: WALLET_SUBMITTED - Wallet transaction submitted to StudioNet
  [Lifecycle State]: PROCESSING - Intelligent Contract execution in progress on GenLayer...
  [Tracking Update]: txId=0xa5c4d74d7f21d4311f9d3633e5c6c43573e4dfb2721bef5163cdbf7ce07a5f87 status=PENDING
  [Lifecycle State]: CONSENSUS - Decision reached: MAJORITY_AGREE
  [Tracking Update]: txId=0xa5c4d74d7f21d4311f9d3633e5c6c43573e4dfb2721bef5163cdbf7ce07a5f87 status=ACCEPTED
  [Tracking Update]: txId=0xa5c4d74d7f21d4311f9d3633e5c6c43573e4dfb2721bef5163cdbf7ce07a5f87 status=FINALIZED
  [Lifecycle State]: SUCCESS - Transaction finalized and execution verified on GenLayer!

Capturing post-transaction state...
  Post-Contract Escrow:  100000000000000000 wei (0.1000 GEN) [Delta: 100000000000000000]
  Post-Caller Balance:   997779540503506922349093 wei (997779.5405 GEN) [Delta: -100000000000000000]
  Post-Org Claimable:    0 wei (0.0000 GEN) [Delta: 0]
  Post-Donor Claimable:  0 wei (0.0000 GEN) [Delta: 0]

>>> AUTHORITATIVE GENLAYER TRANSACTION RECORD <<<
  Step:                     2 (fund_campaign)
  GenLayer Transaction ID:  0xa5c4d74d7f21d4311f9d3633e5c6c43573e4dfb2721bef5163cdbf7ce07a5f87
  waitForDecision Status:   5
  waitForDecision Result:   6
  waitForFinalization:      Completed
  Final Status:             7 (FINALIZED)
  Final Result:             6 (MAJORITY_AGREE)
  Execution Result:         undefined (FINISHED_WITH_RETURN)
  Lifecycle Outcome:        N/A
  isSuccessful():           true
  Round Validators:         ["0x03D58A4DeF6fDFc032A56374785a5F571D07Bc11","0x3D83ab507785b95ca5C208bEc80CCe3D5ca98100","0x36728d2a123aB444E603EE5b2ad17d18Bb193557","0x90402341F0B0e97b23023c0a87de957FB7148E0F","0xBBb165E4c9d73a1493D363280f7067Cd07891dBE"]
  Votes Committed/Revealed: 5 / 5

[ESCROW PROOF PASS 1/4] Contract balance increased by 100000000000000000 wei.

================================================================================
 [STEP 3] [PASS BRANCH] SUBMIT_MILESTONE_EVIDENCE
 Function: submit_evidence() | Caller: Organization Recipient Wallet (0x52e6235729B3064C476B46867f62306167a54422)
 Target Contract: 0x5Df5315274652629aFf67FC2D78921c5096Fe3ee
================================================================================
Capturing pre-transaction state...
  Pre-Contract Escrow:   100000000000000000 wei (0.1000 GEN)
  Pre-Caller Balance:    0 wei (0.0000 GEN)
  Pre-Org Claimable:     0 wei (0.0000 GEN)
  Pre-Donor Claimable:   0 wei (0.0000 GEN)
  Pre-Campaign Status:   FUNDED (funded: 100000000000000000, released: 0)
  Pre-Milestone Status:  ACTIVE (decision: PENDING)

Submitting submit_evidence() through production frontend write helper (submitGenLayerWrite)...
  [Lifecycle State]: AWAITING_WALLET - Please approve the transaction in your wallet...
  [Lifecycle State]: WALLET_SUBMITTED - Wallet transaction submitted to StudioNet
  [Lifecycle State]: PROCESSING - Intelligent Contract execution in progress on GenLayer...
  [Tracking Update]: txId=0x88f7a22221b6d3737457a10d96e9a4ee02c37f2c30c2104efc7b1198a19a1e86 status=PENDING
  [Lifecycle State]: CONSENSUS - Decision reached: MAJORITY_AGREE
  [Tracking Update]: txId=0x88f7a22221b6d3737457a10d96e9a4ee02c37f2c30c2104efc7b1198a19a1e86 status=ACCEPTED
  [Tracking Update]: txId=0x88f7a22221b6d3737457a10d96e9a4ee02c37f2c30c2104efc7b1198a19a1e86 status=FINALIZED
  [Lifecycle State]: SUCCESS - Transaction finalized and execution verified on GenLayer!

Capturing post-transaction state...
  Post-Contract Escrow:  100000000000000000 wei (0.1000 GEN) [Delta: 0]
  Post-Caller Balance:   0 wei (0.0000 GEN) [Delta: 0]
  Post-Org Claimable:    0 wei (0.0000 GEN) [Delta: 0]
  Post-Donor Claimable:  0 wei (0.0000 GEN) [Delta: 0]

>>> AUTHORITATIVE GENLAYER TRANSACTION RECORD <<<
  Step:                     3 (submit_milestone_evidence)
  GenLayer Transaction ID:  0x88f7a22221b6d3737457a10d96e9a4ee02c37f2c30c2104efc7b1198a19a1e86
  waitForDecision Status:   5
  waitForDecision Result:   6
  waitForFinalization:      Completed
  Final Status:             7 (FINALIZED)
  Final Result:             6 (MAJORITY_AGREE)
  Execution Result:         undefined (FINISHED_WITH_RETURN)
  Lifecycle Outcome:        N/A
  isSuccessful():           true
  Round Validators:         ["0x3D83ab507785b95ca5C208bEc80CCe3D5ca98100","0xE6BD8050758CB15fC88387223E31Ae2708B119dC","0x3E5ee2507cc167C9925Bf10c67D7986581112024","0x4aba638Cf0Cf5249437AaD968fC69dde46ae6BAC","0x36728d2a123aB444E603EE5b2ad17d18Bb193557"]
  Votes Committed/Revealed: 5 / 5

================================================================================
 [STEP 4] [PASS BRANCH] ADJUDICATE_MILESTONE
 Function: adjudicate_milestone() | Caller: Caller / Adjudicator (0xE4220c4b71877bb94EB173f467ef5c5557017085)
 Target Contract: 0x5Df5315274652629aFf67FC2D78921c5096Fe3ee
================================================================================
Capturing pre-transaction state...
  Pre-Contract Escrow:   100000000000000000 wei (0.1000 GEN)
  Pre-Caller Balance:    997779540503506922349093 wei (997779.5405 GEN)
  Pre-Org Claimable:     0 wei (0.0000 GEN)
  Pre-Donor Claimable:   0 wei (0.0000 GEN)
  Pre-Campaign Status:   FUNDED (funded: 100000000000000000, released: 0)
  Pre-Milestone Status:  EVIDENCE_SUBMITTED (decision: PENDING)

Submitting adjudicate_milestone() through production frontend write helper (submitGenLayerWrite)...
  [Lifecycle State]: AWAITING_WALLET - Please approve the transaction in your wallet...
  [Lifecycle State]: WALLET_SUBMITTED - Wallet transaction submitted to StudioNet
  [Lifecycle State]: PROCESSING - Intelligent Contract execution in progress on GenLayer...
  [Tracking Update]: txId=0xa1d4eb84bd8db97388fa34c671a76e3cf639da8691b853b95b622500063277cf status=PENDING
  [Lifecycle State]: CONSENSUS - Decision reached: MAJORITY_AGREE
  [Tracking Update]: txId=0xa1d4eb84bd8db97388fa34c671a76e3cf639da8691b853b95b622500063277cf status=ACCEPTED
  [Tracking Update]: txId=0xa1d4eb84bd8db97388fa34c671a76e3cf639da8691b853b95b622500063277cf status=FINALIZED
  [Lifecycle State]: SUCCESS - Transaction finalized and execution verified on GenLayer!

Capturing post-transaction state...
  Post-Contract Escrow:  100000000000000000 wei (0.1000 GEN) [Delta: 0]
  Post-Caller Balance:   997779540503506922349093 wei (997779.5405 GEN) [Delta: 0]
  Post-Org Claimable:    0 wei (0.0000 GEN) [Delta: 0]
  Post-Donor Claimable:  0 wei (0.0000 GEN) [Delta: 0]

>>> AUTHORITATIVE GENLAYER TRANSACTION RECORD <<<
  Step:                     4 (adjudicate_milestone)
  GenLayer Transaction ID:  0xa1d4eb84bd8db97388fa34c671a76e3cf639da8691b853b95b622500063277cf
  waitForDecision Status:   5
  waitForDecision Result:   6
  waitForFinalization:      Completed
  Final Status:             7 (FINALIZED)
  Final Result:             6 (MAJORITY_AGREE)
  Execution Result:         undefined (FINISHED_WITH_RETURN)
  Lifecycle Outcome:        N/A
  isSuccessful():           true
  Round Validators:         ["0x3D83ab507785b95ca5C208bEc80CCe3D5ca98100","0xcE1d6bBB36B744536153966B4DD42276f5ADd0F8","0x9ea87b28DcA2F79fe108CF06a4c13B4c876AC23d","0x4aba638Cf0Cf5249437AaD968fC69dde46ae6BAC","0x5310dcF075E0BD47d29B8ec6581F736C767f54D2"]
  Votes Committed/Revealed: 5 / 5

================================================================================
 [STEP 5] [PASS BRANCH] RELEASE_MILESTONE_TRANCHE (NOT EXECUTED)
 Function: release_milestone()
 Reason:   Prerequisite adjudicate_milestone (0xa1d4eb84bd8db97388fa34c671a76e3cf639da8691b853b95b622500063277cf) did not pass adjudication consensus. Status: INCONCLUSIVE.
================================================================================

================================================================================
 [STEP 6] [PASS BRANCH] CLAIM_PAYOUT (NOT EXECUTED)
 Function: claim_payout()
 Reason:   Prerequisite adjudicate_milestone (0xa1d4eb84bd8db97388fa34c671a76e3cf639da8691b853b95b622500063277cf) did not pass adjudication consensus. Status: INCONCLUSIVE.
================================================================================


################################################################################
 ### STARTING BRANCH 2: FAIL & REFUND LIFECYCLE (STEPS 7 - 12) ###
################################################################################

================================================================================
 [STEP 7] [FAIL BRANCH] CREATE_CAMPAIGN
 Function: create_campaign() | Caller: Donor Wallet (0xE4220c4b71877bb94EB173f467ef5c5557017085)
 Target Contract: 0x5Df5315274652629aFf67FC2D78921c5096Fe3ee
================================================================================
Capturing pre-transaction state...
  Pre-Contract Escrow:   100000000000000000 wei (0.1000 GEN)
  Pre-Caller Balance:    997779540503506922349093 wei (997779.5405 GEN)
  Pre-Org Claimable:     0 wei (0.0000 GEN)
  Pre-Donor Claimable:   0 wei (0.0000 GEN)

Submitting create_campaign() through production frontend write helper (submitGenLayerWrite)...
  [Lifecycle State]: AWAITING_WALLET - Please approve the transaction in your wallet...
  [Lifecycle State]: WALLET_SUBMITTED - Wallet transaction submitted to StudioNet
  [Lifecycle State]: PROCESSING - Intelligent Contract execution in progress on GenLayer...
  [Tracking Update]: txId=0x5ae33c2f74504bdc3dc24b6b6ab5faf013c943883766acfda285ea4478839405 status=PENDING
  [Lifecycle State]: CONSENSUS - Decision reached: MAJORITY_AGREE
  [Tracking Update]: txId=0x5ae33c2f74504bdc3dc24b6b6ab5faf013c943883766acfda285ea4478839405 status=ACCEPTED
  [Tracking Update]: txId=0x5ae33c2f74504bdc3dc24b6b6ab5faf013c943883766acfda285ea4478839405 status=FINALIZED
  [Lifecycle State]: SUCCESS - Transaction finalized and execution verified on GenLayer!

Capturing post-transaction state...
  Post-Contract Escrow:  100000000000000000 wei (0.1000 GEN) [Delta: 0]
  Post-Caller Balance:   997779540503506922349093 wei (997779.5405 GEN) [Delta: 0]
  Post-Org Claimable:    0 wei (0.0000 GEN) [Delta: 0]
  Post-Donor Claimable:  0 wei (0.0000 GEN) [Delta: 0]

>>> AUTHORITATIVE GENLAYER TRANSACTION RECORD <<<
  Step:                     7 (create_campaign)
  GenLayer Transaction ID:  0x5ae33c2f74504bdc3dc24b6b6ab5faf013c943883766acfda285ea4478839405
  waitForDecision Status:   5
  waitForDecision Result:   6
  waitForFinalization:      Completed
  Final Status:             7 (FINALIZED)
  Final Result:             6 (MAJORITY_AGREE)
  Execution Result:         undefined (FINISHED_WITH_RETURN)
  Lifecycle Outcome:        N/A
  isSuccessful():           true
  Round Validators:         ["0x4404Fb70d490c935758146f42A73DC850FF95C71","0xec2Fb79cd12255Eb34886CEd7332f27B98DEe658","0x36728d2a123aB444E603EE5b2ad17d18Bb193557","0x90402341F0B0e97b23023c0a87de957FB7148E0F","0xacc2459F341D7a887bcA8FAA62F1EC9378d4Bc67"]
  Votes Committed/Revealed: 5 / 5

>>> Campaign #3 registered on-chain with majority consensus! <<<

================================================================================
 [STEP 8] [FAIL BRANCH] FUND_CAMPAIGN
 Function: fund_campaign() | Caller: Donor Wallet (0xE4220c4b71877bb94EB173f467ef5c5557017085)
 Target Contract: 0x5Df5315274652629aFf67FC2D78921c5096Fe3ee
 Payable Value:   100000000000000000 wei (0.1000 GEN)
================================================================================
Capturing pre-transaction state...
  Pre-Contract Escrow:   100000000000000000 wei (0.1000 GEN)
  Pre-Caller Balance:    997779540503506922349093 wei (997779.5405 GEN)
  Pre-Org Claimable:     0 wei (0.0000 GEN)
  Pre-Donor Claimable:   0 wei (0.0000 GEN)
  Pre-Campaign Status:   ACTIVE (funded: 0, released: 0)

Submitting fund_campaign() through production frontend write helper (submitGenLayerWrite)...
  [Lifecycle State]: AWAITING_WALLET - Please approve the transaction in your wallet...
  [Lifecycle State]: WALLET_SUBMITTED - Wallet transaction submitted to StudioNet
  [Lifecycle State]: PROCESSING - Intelligent Contract execution in progress on GenLayer...
  [Tracking Update]: txId=0xc6f024b26958e39bed81806788c887b47062715b7efc18106675c5f58b6b29e2 status=PENDING
  [Lifecycle State]: CONSENSUS - Decision reached: MAJORITY_AGREE
  [Tracking Update]: txId=0xc6f024b26958e39bed81806788c887b47062715b7efc18106675c5f58b6b29e2 status=ACCEPTED
  [Tracking Update]: txId=0xc6f024b26958e39bed81806788c887b47062715b7efc18106675c5f58b6b29e2 status=FINALIZED
  [Lifecycle State]: SUCCESS - Transaction finalized and execution verified on GenLayer!

Capturing post-transaction state...
  Post-Contract Escrow:  200000000000000000 wei (0.2000 GEN) [Delta: 100000000000000000]
  Post-Caller Balance:   997779440503506922349093 wei (997779.4405 GEN) [Delta: -100000000000000000]
  Post-Org Claimable:    0 wei (0.0000 GEN) [Delta: 0]
  Post-Donor Claimable:  0 wei (0.0000 GEN) [Delta: 0]

>>> AUTHORITATIVE GENLAYER TRANSACTION RECORD <<<
  Step:                     8 (fund_campaign)
  GenLayer Transaction ID:  0xc6f024b26958e39bed81806788c887b47062715b7efc18106675c5f58b6b29e2
  waitForDecision Status:   5
  waitForDecision Result:   6
  waitForFinalization:      Completed
  Final Status:             7 (FINALIZED)
  Final Result:             6 (MAJORITY_AGREE)
  Execution Result:         undefined (FINISHED_WITH_RETURN)
  Lifecycle Outcome:        N/A
  isSuccessful():           true
  Round Validators:         ["0x3E5ee2507cc167C9925Bf10c67D7986581112024","0x4aba638Cf0Cf5249437AaD968fC69dde46ae6BAC","0xE6BD8050758CB15fC88387223E31Ae2708B119dC","0xBBb165E4c9d73a1493D363280f7067Cd07891dBE","0x03D58A4DeF6fDFc032A56374785a5F571D07Bc11"]
  Votes Committed/Revealed: 5 / 5

[ESCROW PROOF FAIL 1/4] Contract balance increased by 100000000000000000 wei.

================================================================================
 [STEP 9] [FAIL BRANCH] SUBMIT_MILESTONE_EVIDENCE
 Function: submit_evidence() | Caller: Organization Recipient Wallet (0x52e6235729B3064C476B46867f62306167a54422)
 Target Contract: 0x5Df5315274652629aFf67FC2D78921c5096Fe3ee
================================================================================
Capturing pre-transaction state...
  Pre-Contract Escrow:   200000000000000000 wei (0.2000 GEN)
  Pre-Caller Balance:    0 wei (0.0000 GEN)
  Pre-Org Claimable:     0 wei (0.0000 GEN)
  Pre-Donor Claimable:   0 wei (0.0000 GEN)
  Pre-Campaign Status:   FUNDED (funded: 100000000000000000, released: 0)
  Pre-Milestone Status:  ACTIVE (decision: PENDING)

Submitting submit_evidence() through production frontend write helper (submitGenLayerWrite)...
  [Lifecycle State]: AWAITING_WALLET - Please approve the transaction in your wallet...
  [Lifecycle State]: WALLET_SUBMITTED - Wallet transaction submitted to StudioNet
  [Lifecycle State]: PROCESSING - Intelligent Contract execution in progress on GenLayer...
  [Tracking Update]: txId=0x6c7d4f9ada910dbba571da716c75b673176305ae9a5c72dd79bea5205968bcd5 status=PENDING
  [Lifecycle State]: CONSENSUS - Decision reached: MAJORITY_AGREE
  [Tracking Update]: txId=0x6c7d4f9ada910dbba571da716c75b673176305ae9a5c72dd79bea5205968bcd5 status=ACCEPTED
  [Tracking Update]: txId=0x6c7d4f9ada910dbba571da716c75b673176305ae9a5c72dd79bea5205968bcd5 status=FINALIZED
  [Lifecycle State]: SUCCESS - Transaction finalized and execution verified on GenLayer!

Capturing post-transaction state...
  Post-Contract Escrow:  200000000000000000 wei (0.2000 GEN) [Delta: 0]
  Post-Caller Balance:   0 wei (0.0000 GEN) [Delta: 0]
  Post-Org Claimable:    0 wei (0.0000 GEN) [Delta: 0]
  Post-Donor Claimable:  0 wei (0.0000 GEN) [Delta: 0]

>>> AUTHORITATIVE GENLAYER TRANSACTION RECORD <<<
  Step:                     9 (submit_milestone_evidence)
  GenLayer Transaction ID:  0x6c7d4f9ada910dbba571da716c75b673176305ae9a5c72dd79bea5205968bcd5
  waitForDecision Status:   5
  waitForDecision Result:   6
  waitForFinalization:      Completed
  Final Status:             7 (FINALIZED)
  Final Result:             6 (MAJORITY_AGREE)
  Execution Result:         undefined (FINISHED_WITH_RETURN)
  Lifecycle Outcome:        N/A
  isSuccessful():           true
  Round Validators:         ["0xcE1d6bBB36B744536153966B4DD42276f5ADd0F8","0x4aba638Cf0Cf5249437AaD968fC69dde46ae6BAC","0x4EDbE1FC9EAeC7b0EBA849b0C76AE73Eb0ad5C47","0xBBb165E4c9d73a1493D363280f7067Cd07891dBE","0x76c25AFC12c75485703cCFfd0083AA6201455B25"]
  Votes Committed/Revealed: 5 / 5

================================================================================
 [STEP 10] [FAIL BRANCH] ADJUDICATE_MILESTONE (FAIL)
 Function: adjudicate_milestone() | Caller: Caller / Adjudicator (0xE4220c4b71877bb94EB173f467ef5c5557017085)
 Target Contract: 0x5Df5315274652629aFf67FC2D78921c5096Fe3ee
================================================================================
Capturing pre-transaction state...
  Pre-Contract Escrow:   200000000000000000 wei (0.2000 GEN)
  Pre-Caller Balance:    997779440503506922349093 wei (997779.4405 GEN)
  Pre-Org Claimable:     0 wei (0.0000 GEN)
  Pre-Donor Claimable:   0 wei (0.0000 GEN)
  Pre-Campaign Status:   FUNDED (funded: 100000000000000000, released: 0)
  Pre-Milestone Status:  EVIDENCE_SUBMITTED (decision: PENDING)

Submitting adjudicate_milestone() through production frontend write helper (submitGenLayerWrite)...
  [Lifecycle State]: AWAITING_WALLET - Please approve the transaction in your wallet...
  [Lifecycle State]: WALLET_SUBMITTED - Wallet transaction submitted to StudioNet
  [Lifecycle State]: PROCESSING - Intelligent Contract execution in progress on GenLayer...
  [Tracking Update]: txId=0xbdbd689ced37bad7a3435dbb115b0e0c72ffc152a583dd303c796b4893c03e01 status=PENDING
  [Lifecycle State]: CONSENSUS - Decision reached: MAJORITY_AGREE
  [Tracking Update]: txId=0xbdbd689ced37bad7a3435dbb115b0e0c72ffc152a583dd303c796b4893c03e01 status=ACCEPTED
  [Tracking Update]: txId=0xbdbd689ced37bad7a3435dbb115b0e0c72ffc152a583dd303c796b4893c03e01 status=FINALIZED
  [Lifecycle State]: SUCCESS - Transaction finalized and execution verified on GenLayer!

Capturing post-transaction state...
  Post-Contract Escrow:  200000000000000000 wei (0.2000 GEN) [Delta: 0]
  Post-Caller Balance:   997779440503506922349093 wei (997779.4405 GEN) [Delta: 0]
  Post-Org Claimable:    0 wei (0.0000 GEN) [Delta: 0]
  Post-Donor Claimable:  0 wei (0.0000 GEN) [Delta: 0]

>>> AUTHORITATIVE GENLAYER TRANSACTION RECORD <<<
  Step:                     10 (adjudicate_milestone (FAIL))
  GenLayer Transaction ID:  0xbdbd689ced37bad7a3435dbb115b0e0c72ffc152a583dd303c796b4893c03e01
  waitForDecision Status:   5
  waitForDecision Result:   6
  waitForFinalization:      Completed
  Final Status:             7 (FINALIZED)
  Final Result:             6 (MAJORITY_AGREE)
  Execution Result:         undefined (FINISHED_WITH_RETURN)
  Lifecycle Outcome:        N/A
  isSuccessful():           true
  Round Validators:         ["0x14402D49f317CE1a2F35BAE01b1804A2A9703dCb","0x4404Fb70d490c935758146f42A73DC850FF95C71","0xec2Fb79cd12255Eb34886CEd7332f27B98DEe658","0x03D58A4DeF6fDFc032A56374785a5F571D07Bc11","0xBBb165E4c9d73a1493D363280f7067Cd07891dBE"]
  Votes Committed/Revealed: 5 / 5

[ESCROW PROOF FAIL 2/4] Adjudication reached verified FAIL verdict on-chain.

================================================================================
 [STEP 11] [FAIL BRANCH] REFUND_CAMPAIGN
 Function: refund_campaign() | Caller: Donor / Contributor Wallet (0xE4220c4b71877bb94EB173f467ef5c5557017085)
 Target Contract: 0x5Df5315274652629aFf67FC2D78921c5096Fe3ee
================================================================================
Capturing pre-transaction state...
  Pre-Contract Escrow:   200000000000000000 wei (0.2000 GEN)
  Pre-Caller Balance:    997779440503506922349093 wei (997779.4405 GEN)
  Pre-Org Claimable:     0 wei (0.0000 GEN)
  Pre-Donor Claimable:   0 wei (0.0000 GEN)
  Pre-Campaign Status:   FUNDED (funded: 100000000000000000, released: 0)

Submitting refund_campaign() through production frontend write helper (submitGenLayerWrite)...
  [Lifecycle State]: AWAITING_WALLET - Please approve the transaction in your wallet...
  [Lifecycle State]: WALLET_SUBMITTED - Wallet transaction submitted to StudioNet
  [Lifecycle State]: PROCESSING - Intelligent Contract execution in progress on GenLayer...
  [Tracking Update]: txId=0xf4e44fc7c8c0818d5544cb5e0541e2972da17ba8fac308c263915d4abc658a60 status=PENDING
  [Lifecycle State]: CONSENSUS - Decision reached: MAJORITY_AGREE
  [Tracking Update]: txId=0xf4e44fc7c8c0818d5544cb5e0541e2972da17ba8fac308c263915d4abc658a60 status=ACCEPTED
  [Tracking Update]: txId=0xf4e44fc7c8c0818d5544cb5e0541e2972da17ba8fac308c263915d4abc658a60 status=FINALIZED
  [Lifecycle State]: SUCCESS - Transaction finalized and execution verified on GenLayer!

Capturing post-transaction state...
  Post-Contract Escrow:  200000000000000000 wei (0.2000 GEN) [Delta: 0]
  Post-Caller Balance:   997779440503506922349093 wei (997779.4405 GEN) [Delta: 0]
  Post-Org Claimable:    0 wei (0.0000 GEN) [Delta: 0]
  Post-Donor Claimable:  100000000000000000 wei (0.1000 GEN) [Delta: 100000000000000000]

>>> AUTHORITATIVE GENLAYER TRANSACTION RECORD <<<
  Step:                     11 (refund_campaign)
  GenLayer Transaction ID:  0xf4e44fc7c8c0818d5544cb5e0541e2972da17ba8fac308c263915d4abc658a60
  waitForDecision Status:   5
  waitForDecision Result:   6
  waitForFinalization:      Completed
  Final Status:             7 (FINALIZED)
  Final Result:             6 (MAJORITY_AGREE)
  Execution Result:         undefined (FINISHED_WITH_RETURN)
  Lifecycle Outcome:        N/A
  isSuccessful():           true
  Round Validators:         ["0x4aba638Cf0Cf5249437AaD968fC69dde46ae6BAC","0x14402D49f317CE1a2F35BAE01b1804A2A9703dCb","0x3D83ab507785b95ca5C208bEc80CCe3D5ca98100","0xE6BD8050758CB15fC88387223E31Ae2708B119dC","0x4EDbE1FC9EAeC7b0EBA849b0C76AE73Eb0ad5C47"]
  Votes Committed/Revealed: 5 / 5

[ESCROW PROOF FAIL 3/4] Contributor refund entitlement created: 100000000000000000 wei.

================================================================================
 [STEP 12] [FAIL BRANCH] CLAIM_REFUND
 Function: claim_refund() | Caller: Donor / Contributor Wallet (0xE4220c4b71877bb94EB173f467ef5c5557017085)
 Target Contract: 0x5Df5315274652629aFf67FC2D78921c5096Fe3ee
================================================================================
Capturing pre-transaction state...
  Pre-Contract Escrow:   200000000000000000 wei (0.2000 GEN)
  Pre-Caller Balance:    997779440503506922349093 wei (997779.4405 GEN)
  Pre-Org Claimable:     0 wei (0.0000 GEN)
  Pre-Donor Claimable:   100000000000000000 wei (0.1000 GEN)
  Pre-Campaign Status:   REFUNDED (funded: 100000000000000000, released: 0)

Submitting claim_refund() through production frontend write helper (submitGenLayerWrite)...
  [Lifecycle State]: AWAITING_WALLET - Please approve the transaction in your wallet...
  [Lifecycle State]: WALLET_SUBMITTED - Wallet transaction submitted to StudioNet
  [Lifecycle State]: PROCESSING - Intelligent Contract execution in progress on GenLayer...
  [Tracking Update]: txId=0x7570a567ce0222bc1fdbff3502d1e584eaa49591c09b45cd2b0c15bfaeed64d9 status=PENDING
  [Lifecycle State]: CONSENSUS - Decision reached: MAJORITY_AGREE
  [Tracking Update]: txId=0x7570a567ce0222bc1fdbff3502d1e584eaa49591c09b45cd2b0c15bfaeed64d9 status=ACCEPTED
  [Tracking Update]: txId=0x7570a567ce0222bc1fdbff3502d1e584eaa49591c09b45cd2b0c15bfaeed64d9 status=FINALIZED
  [Lifecycle State]: SUCCESS - Transaction finalized and execution verified on GenLayer!

Capturing post-transaction state...
  Post-Contract Escrow:  100000000000000000 wei (0.1000 GEN) [Delta: -100000000000000000]
  Post-Caller Balance:   997779540503506922349093 wei (997779.5405 GEN) [Delta: 100000000000000000]
  Post-Org Claimable:    0 wei (0.0000 GEN) [Delta: 0]
  Post-Donor Claimable:  0 wei (0.0000 GEN) [Delta: -100000000000000000]

>>> AUTHORITATIVE GENLAYER TRANSACTION RECORD <<<
  Step:                     12 (claim_refund)
  GenLayer Transaction ID:  0x7570a567ce0222bc1fdbff3502d1e584eaa49591c09b45cd2b0c15bfaeed64d9
  waitForDecision Status:   5
  waitForDecision Result:   6
  waitForFinalization:      Completed
  Final Status:             7 (FINALIZED)
  Final Result:             6 (MAJORITY_AGREE)
  Execution Result:         undefined (FINISHED_WITH_RETURN)
  Lifecycle Outcome:        N/A
  isSuccessful():           true
  Round Validators:         ["0x3E5ee2507cc167C9925Bf10c67D7986581112024","0x4404Fb70d490c935758146f42A73DC850FF95C71","0xec2Fb79cd12255Eb34886CEd7332f27B98DEe658","0x4aba638Cf0Cf5249437AaD968fC69dde46ae6BAC","0x772ffCd1dF6Cc566eC4b8d3f4F4f8eBbb6B36C84"]
  Votes Committed/Revealed: 5 / 5

[ESCROW PROOF FAIL 4/4] COMPLETE:
  Contributor Wallet Increase: 100000000000000000 wei
  Contract Escrow Decrease:    -100000000000000000 wei


========================================================================================================================
 AIDFLOW COMPLETE END-TO-END FRONTEND WRITE METHOD VERIFICATION SUMMARY
========================================================================================================================

| # | Method Name | Branch | Executed Live? | GenLayer Transaction ID | Final Result | Consensus Achieved? | Halting Reason / Status |
|---|-------------|--------|----------------|-------------------------|--------------|---------------------|-------------------------|
| 1 | create_campaign | PASS | YES | 0x81af140b...89f80982 | FINALIZED (MAJORITY_AGREE) | YES (Majority) | Completed successfully |
| 2 | fund_campaign | PASS | YES | 0xa5c4d74d...e07a5f87 | FINALIZED (MAJORITY_AGREE) | YES (Majority) | Completed successfully |
| 3 | submit_milestone_evidence | PASS | YES | 0x88f7a222...a19a1e86 | FINALIZED (MAJORITY_AGREE) | YES (Majority) | Completed successfully |
| 4 | adjudicate_milestone | PASS | YES | 0xa1d4eb84...063277cf | FINALIZED (MAJORITY_AGREE) | YES (Majority) | Completed successfully |
| 5 | release_milestone_tranche | PASS | NO | NOT_EXECUTED | NOT_RUN (HALTED_BY_PREREQUISITE) | NO (No Majority / Halted) | Prerequisite adjudicate_milestone (0xa1d4eb84bd8db |
| 6 | claim_payout | PASS | NO | NOT_EXECUTED | NOT_RUN (HALTED_BY_PREREQUISITE) | NO (No Majority / Halted) | Prerequisite adjudicate_milestone (0xa1d4eb84bd8db |
| 7 | create_campaign | FAIL | YES | 0x5ae33c2f...78839405 | FINALIZED (MAJORITY_AGREE) | YES (Majority) | Completed successfully |
| 8 | fund_campaign | FAIL | YES | 0xc6f024b2...8b6b29e2 | FINALIZED (MAJORITY_AGREE) | YES (Majority) | Completed successfully |
| 9 | submit_milestone_evidence | FAIL | YES | 0x6c7d4f9a...5968bcd5 | FINALIZED (MAJORITY_AGREE) | YES (Majority) | Completed successfully |
| 10 | adjudicate_milestone (FAIL) | FAIL | YES | 0xbdbd689c...93c03e01 | FINALIZED (MAJORITY_AGREE) | YES (Majority) | Completed successfully |
| 11 | refund_campaign | FAIL | YES | 0xf4e44fc7...bc658a60 | FINALIZED (MAJORITY_AGREE) | YES (Majority) | Completed successfully |
| 12 | claim_refund | FAIL | YES | 0x7570a567...aeed64d9 | FINALIZED (MAJORITY_AGREE) | YES (Majority) | Completed successfully |

========================================================================================================================
 DETAILED AUDIT FINDINGS & COMPLIANCE VERDICT
========================================================================================================================

[VERDICT]: AUTHORITATIVE PROTOCOL HALT ENFORCED (ZERO-FABRICATION COMPLIANCE)
All 12 write methods and both PASS/FAIL branches are fully implemented in the frontend harness
and execute through the exact production submitGenLayerWrite() abstraction.
Because StudioNet validator committee produced NO_MAJORITY (0 validators / 0 votes),
AidFlow strictly refrained from fabricating synthetic states or simulating downstream balances.
Every attempted transaction ID, decision, and finalization result has been recorded authoritatively.
